###############################################################################
#
# IAR ELF Linker V8.32.3.193/W32 for ARM                  06/Jun/2019  17:03:00
# Copyright 2007-2019 IAR Systems AB.
#
#    Output file  =  
#        D:\DOCUMENTOS\Embarcados\Exemplo RTOS\tarefas\ewarm\Exe\tarefas.out
#    Map file     =  
#        D:\DOCUMENTOS\Embarcados\Exemplo RTOS\tarefas\ewarm\List\tarefas.map
#    Command line =  
#        -f C:\Users\Luiz\AppData\Local\Temp\EW5CB3.tmp
#        ("D:\DOCUMENTOS\Embarcados\Exemplo
#        RTOS\tarefas\ewarm\Obj\driverleds.o" "D:\DOCUMENTOS\Embarcados\Exemplo
#        RTOS\driverlib\ewarm\Exe\driverlib.a"
#        "D:\DOCUMENTOS\Embarcados\Exemplo RTOS\tarefas\ewarm\Obj\main.o"
#        "D:\DOCUMENTOS\Embarcados\Exemplo
#        RTOS\CMSIS\RTOS2\RTX\Library\IAR\RTX_CM4F.a"
#        "D:\DOCUMENTOS\Embarcados\Exemplo RTOS\tarefas\ewarm\Obj\RTX_Config.o"
#        "D:\DOCUMENTOS\Embarcados\Exemplo RTOS\tarefas\ewarm\Obj\rtx_lib.o"
#        "D:\DOCUMENTOS\Embarcados\Exemplo
#        RTOS\tarefas\ewarm\Obj\startup_tm4c1294.o"
#        "D:\DOCUMENTOS\Embarcados\Exemplo
#        RTOS\tarefas\ewarm\Obj\system_tm4c1294.o" --no_out_extension -o
#        "D:\DOCUMENTOS\Embarcados\Exemplo RTOS\tarefas\ewarm\Exe\tarefas.out"
#        --map "D:\DOCUMENTOS\Embarcados\Exemplo
#        RTOS\tarefas\ewarm\List\tarefas.map" --config "D:\IAR Systems\Embedded
#        Workbench 8.2\arm\config\linker\TexasInstruments\TM4C1294NC.icf"
#        --semihosting --entry __iar_program_start --vfe --text_out locale)
#
###############################################################################

*******************************************************************************
*** RUNTIME MODEL ATTRIBUTES
***

CppFlavor       = *
__SystemLibrary = DLib
__dlib_version  = 6


*******************************************************************************
*** HEAP SELECTION
***

The basic heap was selected because some modules are built with
size limitations (and not runtime checking), and --advanced_heap
was not specified.


*******************************************************************************
*** PLACEMENT SUMMARY
***

"A0":  place at 0x0 { ro section .intvec };
"P1":  place in [from 0x0 to 0xf'ffff] { ro };
define block CSTACK with size = 32K, alignment = 8 { };
define block HEAP with size = 64K, alignment = 8 { };
"P2":  place in [from 0x2000'0000 to 0x2003'ffff] {
          rw, block CSTACK, block HEAP };
initialize by copy { rw };

  Section               Kind         Address    Size  Object
  -------               ----         -------    ----  ------
"A0":                                          0x26c
  .intvec               ro code          0x0   0x26c  startup_tm4c1294.o [1]
                                     - 0x26c   0x26c

"P1":                                         0x26f9
  .text                 ro code        0x26c   0x7b4  rtx_thread.o [2]
  .text                 ro code        0xa20     0x2  rtx_evr.o [2]
  .text                 ro code        0xa22     0x2  rtx_evr.o [2]
  .text                 ro code        0xa24     0x2  rtx_evr.o [2]
  .text                 ro code        0xa26     0x2  rtx_evr.o [2]
  .text                 ro code        0xa28     0x2  rtx_evr.o [2]
  .text                 ro code        0xa2a     0x2  rtx_evr.o [2]
  .text                 ro code        0xa2c     0x2  rtx_evr.o [2]
  .text                 ro code        0xa2e     0x2  rtx_evr.o [2]
  .text                 ro code        0xa30     0x2  rtx_evr.o [2]
  .text                 ro code        0xa32     0x2  rtx_evr.o [2]
  .text                 ro code        0xa34     0x2  rtx_evr.o [2]
  .text                 ro code        0xa36     0x2  rtx_evr.o [2]
  .text                 ro code        0xa38     0x2  rtx_evr.o [2]
  .text                 ro code        0xa3a    0x3a  zero_init3.o [6]
  .text                 ro code        0xa74    0xe6  rtx_mempool.o [2]
  .text                 ro code        0xb5a     0x2  rtx_evr.o [2]
  .text                 ro code        0xb5c    0x82  rtx_memory.o [2]
  .text                 ro code        0xbde     0x2  RTX_Config.o [1]
  .text                 ro code        0xbe0     0x6  ABImemclr4.o [6]
  .text                 ro code        0xbe6     0x2  rtx_evr.o [2]
  .text                 ro code        0xbe8    0x4c  rtx_memory.o [2]
  .text                 ro code        0xc34    0x4c  rtx_mutex.o [2]
  .text                 ro code        0xc80     0x2  rtx_evr.o [2]
  .text                 ro code        0xc82     0x2  rtx_evr.o [2]
  .text                 ro code        0xc84     0x2  rtx_evr.o [2]
  .text                 ro code        0xc86     0x2  rtx_evr.o [2]
  .text                 ro code        0xc88    0x20  RTX_Config.o [1]
  .text                 ro code        0xca8     0x2  rtx_evr.o [2]
  .text                 ro code        0xcaa     0x2  rtx_evr.o [2]
  .text                 ro code        0xcac     0x2  rtx_evr.o [2]
  .text                 ro code        0xcae     0x2  rtx_evr.o [2]
  .text                 ro code        0xcb0    0x32  ABImemset48.o [6]
  .text                 ro code        0xce2     0x2  rtx_evr.o [2]
  .text                 ro code        0xce4     0x2  rtx_evr.o [2]
  .text                 ro code        0xce6     0x2  rtx_evr.o [2]
  .text                 ro code        0xce8   0x62c  rtx_msgqueue.o [2]
  .text                 ro code       0x1314    0xa6  ABImemcpy.o [6]
  .text                 ro code       0x13ba     0x2  rtx_evr.o [2]
  .text                 ro code       0x13bc     0x2  rtx_evr.o [2]
  .text                 ro code       0x13be     0x2  rtx_evr.o [2]
  .text                 ro code       0x13c0     0x6  ABImemclr.o [6]
  .text                 ro code       0x13c6     0x2  rtx_evr.o [2]
  .text                 ro code       0x13c8     0x2  rtx_evr.o [2]
  .text                 ro code       0x13ca     0x2  rtx_evr.o [2]
  .text                 ro code       0x13cc     0x2  rtx_evr.o [2]
  .text                 ro code       0x13ce     0x2  rtx_evr.o [2]
  .text                 ro code       0x13d0     0x2  rtx_evr.o [2]
  .text                 ro code       0x13d2     0x2  rtx_evr.o [2]
  .text                 ro code       0x13d4   0x174  rtx_system.o [2]
  .text                 ro code       0x1548     0x2  rtx_evr.o [2]
  .text                 ro code       0x154a     0x2  rtx_evr.o [2]
  .text                 ro code       0x154c    0x5e  ABImemset.o [6]
  .text                 ro code       0x15ac     0xc  os_systick.o [2]
  .text                 ro code       0x15b8   0x35c  rtx_semaphore.o [2]
  .text                 ro code       0x1914     0x2  rtx_evr.o [2]
  .text                 ro code       0x1916     0x2  rtx_evr.o [2]
  .text                 ro code       0x1918     0x2  rtx_evr.o [2]
  .text                 ro code       0x191a     0x2  rtx_evr.o [2]
  .text                 ro code       0x191c     0x2  rtx_evr.o [2]
  .text                 ro code       0x191e     0x2  rtx_evr.o [2]
  .text                 ro code       0x1920     0x2  rtx_evr.o [2]
  .text                 ro code       0x1922     0x2  rtx_evr.o [2]
  .text                 ro code       0x1924     0x2  rtx_evr.o [2]
  .text                 ro code       0x1926     0x2  rtx_evr.o [2]
  .text                 ro code       0x1928   0x2c4  rtx_kernel.o [2]
  .text                 ro code       0x1bec     0x2  rtx_evr.o [2]
  .text                 ro code       0x1bee    0x44  rtx_memory.o [2]
  .text                 ro code       0x1c32     0x2  rtx_evr.o [2]
  .text                 ro code       0x1c34     0x2  rtx_evr.o [2]
  .text                 ro code       0x1c38    0x40  os_systick.o [2]
  .text                 ro code       0x1c78     0x6  os_systick.o [2]
  .text                 ro code       0x1c80    0x2c  os_systick.o [2]
  .text                 ro code       0x1cac     0x2  rtx_evr.o [2]
  .text                 ro code       0x1cae     0x2  rtx_lib.o [1]
  .text                 ro code       0x1cb0     0x2  rtx_evr.o [2]
  .text                 ro code       0x1cb2     0x2  rtx_evr.o [2]
  .text                 ro code       0x1cb4     0x2  rtx_evr.o [2]
  .text                 ro code       0x1cb8   0x2ac  sysctl.o [4]
  .rodata               const         0x1f64   0x1b0  sysctl.o [4]
  .text                 ro code       0x2114   0x14e  gpio.o [4]
  .text                 ro code       0x2264   0x13c  driverleds.o [1]
  .text                 ro code       0x23a0    0xf0  main.o [1]
  .text                 ro code       0x2490    0x58  rtx_delay.o [2]
  .text                 ro code       0x24e8    0x3c  system_tm4c1294.o [1]
  .text                 ro code       0x2524     0x2  rtx_evr.o [2]
  .text                 ro code       0x2528    0xdc  rtx_timer.o [2]
  .text                 ro code       0x2604     0x2  rtx_evr.o [2]
  .text                 ro code       0x2608    0xc4  irq_cm4f.o [2]
  .rodata               const         0x26cc    0x6c  sysctl.o [4]
  .rodata               const         0x2738    0x68  rtx_lib.o [1]
  .text                 ro code       0x27a0    0x38  packbits_init_single.o [6]
  .rodata               const         0x27d8    0x30  sysctl.o [4]
  .text                 ro code       0x2808    0x28  data_init.o [6]
  .rodata               const         0x2830    0x24  rtx_lib.o [1]
  .rodata               const         0x2854    0x24  rtx_lib.o [1]
  .text                 ro code       0x2878    0x22  fpinit_M.o [5]
  .iar.init_table       const         0x289c    0x20  - Linker created -
  .text                 ro code       0x28bc    0x1e  cmain.o [6]
  .text                 ro code       0x28da     0x4  low_level_init.o [3]
  .text                 ro code       0x28de     0x4  exit.o [3]
  .text                 ro code       0x28e4     0xa  cexit.o [6]
  .text                 ro code       0x28f0    0x14  exit.o [7]
  .rodata               const         0x2904    0x18  rtx_lib.o [1]
  .text                 ro code       0x291c    0x10  startup_tm4c1294.o [1]
  .text                 ro code       0x292c     0xc  cstartup_M.o [6]
  .rodata               const         0x2938     0x4  rtx_lib.o [1]
  .text                 ro code       0x293c     0x4  startup_tm4c1294.o [1]
  .text                 ro code       0x2940     0x4  startup_tm4c1294.o [1]
  .text                 ro code       0x2944     0x4  startup_tm4c1294.o [1]
  .text                 ro code       0x2948     0x4  startup_tm4c1294.o [1]
  .text                 ro code       0x294c     0x4  startup_tm4c1294.o [1]
  .text                 ro code       0x2950     0x4  startup_tm4c1294.o [1]
  .text                 ro code       0x2954     0x4  startup_tm4c1294.o [1]
  .rodata               const         0x2958     0x0  zero_init3.o [6]
  .rodata               const         0x2958     0x0  packbits_init_single.o [6]
  Initializer bytes     const         0x2958     0xd  <for P2-1>
                                    - 0x2965  0x26f9

"P2", part 1 of 3:                              0xa4
  P2-1                           0x2000'0000    0xa4  <Init block>
    .data.os            inited   0x2000'0000    0xa4  rtx_kernel.o [2]
                               - 0x2000'00a4    0xa4

"P2", part 2 of 3:                            0x1378
  .bss.os               zero     0x2000'00a8  0x1000  rtx_lib.o [1]
  .bss.os.thread.stack  zero     0x2000'10a8   0x100  rtx_lib.o [1]
  .bss.os.thread.stack  zero     0x2000'11a8   0x100  rtx_lib.o [1]
  .bss.os.msgqueue.mem  zero     0x2000'12a8    0x50  rtx_lib.o [1]
  .bss.os.thread.cb     zero     0x2000'12f8    0x44  rtx_lib.o [1]
  .bss.os.thread.cb     zero     0x2000'133c    0x44  rtx_lib.o [1]
  .bss.os               zero     0x2000'1380    0x40  rtx_lib.o [1]
  .bss.os.msgqueue.cb   zero     0x2000'13c0    0x34  rtx_lib.o [1]
  .bss                  zero     0x2000'13f4    0x10  main.o [1]
  .bss                  zero     0x2000'1404     0x4  main.o [1]
  .bss                  zero     0x2000'1408     0x4  main.o [1]
  .bss                  zero     0x2000'140c     0x4  main.o [1]
  .bss                  zero     0x2000'1410     0x4  main.o [1]
  .bss                  zero     0x2000'1414     0x4  system_tm4c1294.o [1]
  .bss                  zero     0x2000'1418     0x1  os_systick.o [2]
                               - 0x2000'1419  0x1375

"P2", part 3 of 3:                            0x8000
  CSTACK                         0x2000'1420  0x8000  <Block>
    CSTACK              uninit   0x2000'1420  0x8000  <Block tail>
                               - 0x2000'9420  0x8000

Unused ranges:

         From           To      Size
         ----           --      ----
       0x2965     0xf'ffff  0xf'd69b
  0x2000'141c  0x2000'141f       0x4
  0x2000'9420  0x2003'ffff  0x3'6be0


*******************************************************************************
*** INIT TABLE
***

          Address      Size
          -------      ----
Zero (__iar_zero_init3)
    1 destination range, total size 0x1371:
          0x2000'00a8  0x1371

Copy/packbits (__iar_packbits_init_single3)
    1 source range, total size 0xd (7% of destination):
               0x2958     0xd
    1 destination range, total size 0xa4:
          0x2000'0000    0xa4



*******************************************************************************
*** MODULE SUMMARY
***

    Module                  ro code  ro data  rw data
    ------                  -------  -------  -------
command line/config:
    -------------------------------------------------
    Total:

D:\DOCUMENTOS\Embarcados\Exemplo RTOS\tarefas\ewarm\Obj: [1]
    RTX_Config.o                 34
    driverleds.o                316
    main.o                      240                32
    rtx_lib.o                     2      204    4 940
    startup_tm4c1294.o          664
    system_tm4c1294.o            60                 4
    -------------------------------------------------
    Total:                    1 316      204    4 976

RTX_CM4F.a: [2]
    irq_cm4f.o                  196
    os_systick.o                126                 1
    rtx_delay.o                  88
    rtx_evr.o                   114
    rtx_kernel.o                708       13      164
    rtx_memory.o                274
    rtx_mempool.o               230
    rtx_msgqueue.o            1 580
    rtx_mutex.o                  76
    rtx_semaphore.o             860
    rtx_system.o                372
    rtx_thread.o              1 972
    rtx_timer.o                 220
    -------------------------------------------------
    Total:                    6 816       13      165

dl7M_tln.a: [3]
    exit.o                        4
    low_level_init.o              4
    -------------------------------------------------
    Total:                        8

driverlib.a: [4]
    gpio.o                      334
    sysctl.o                    684      588
    -------------------------------------------------
    Total:                    1 018      588

m7M_tls.a: [5]
    fpinit_M.o                   34
    -------------------------------------------------
    Total:                       34

rt7M_tl.a: [6]
    ABImemclr.o                   6
    ABImemclr4.o                  6
    ABImemcpy.o                 166
    ABImemset.o                  94
    ABImemset48.o                50
    cexit.o                      10
    cmain.o                      30
    cstartup_M.o                 12
    data_init.o                  40
    packbits_init_single.o       56
    zero_init3.o                 58
    -------------------------------------------------
    Total:                      528

shb_l.a: [7]
    exit.o                       20
    -------------------------------------------------
    Total:                       20

    Gaps                         18        2        4
    Linker created                        32   32 768
-----------------------------------------------------
    Grand Total:              9 758      839   37 913


*******************************************************************************
*** ENTRY LIST
***

Entry                       Address    Size  Type      Object
-----                       -------    ----  ----      ------
.iar.init_table$$Base        0x289c           --   Gb  - Linker created -
.iar.init_table$$Limit       0x28bc           --   Gb  - Linker created -
?main                        0x28bd          Code  Gb  cmain.o [6]
CSTACK$$Base            0x2000'1420           --   Gb  - Linker created -
CSTACK$$Limit           0x2000'9420           --   Gb  - Linker created -
EvrRtxEventFlagsWaitTimeout
                              0xa25     0x2  Code  Wk  rtx_evr.o [2]
EvrRtxKernelError            0x1bed     0x2  Code  Wk  rtx_evr.o [2]
EvrRtxKernelGetState         0x1c35     0x2  Code  Wk  rtx_evr.o [2]
EvrRtxKernelInitialize       0x1cb1     0x2  Code  Wk  rtx_evr.o [2]
EvrRtxKernelInitialized
                             0x1c33     0x2  Code  Wk  rtx_evr.o [2]
EvrRtxKernelStart            0x1cb3     0x2  Code  Wk  rtx_evr.o [2]
EvrRtxKernelStarted          0x1cad     0x2  Code  Wk  rtx_evr.o [2]
EvrRtxMemoryAlloc             0xcaf     0x2  Code  Wk  rtx_evr.o [2]
EvrRtxMemoryBlockAlloc        0xcab     0x2  Code  Wk  rtx_evr.o [2]
EvrRtxMemoryBlockFree         0xcad     0x2  Code  Wk  rtx_evr.o [2]
EvrRtxMemoryBlockInit         0xca9     0x2  Code  Wk  rtx_evr.o [2]
EvrRtxMemoryFree              0xce3     0x2  Code  Wk  rtx_evr.o [2]
EvrRtxMemoryInit             0x1cb5     0x2  Code  Wk  rtx_evr.o [2]
EvrRtxMemoryPoolAllocTimeout
                              0xa2b     0x2  Code  Wk  rtx_evr.o [2]
EvrRtxMessageQueueCreated
                             0x13c7     0x2  Code  Wk  rtx_evr.o [2]
EvrRtxMessageQueueError
                             0x13bf     0x2  Code  Wk  rtx_evr.o [2]
EvrRtxMessageQueueGet        0x154b     0x2  Code  Wk  rtx_evr.o [2]
EvrRtxMessageQueueGetPending
                             0x13cd     0x2  Code  Wk  rtx_evr.o [2]
EvrRtxMessageQueueGetTimeout
                              0xa2d     0x2  Code  Wk  rtx_evr.o [2]
EvrRtxMessageQueueInsertPending
                             0x1549     0x2  Code  Wk  rtx_evr.o [2]
EvrRtxMessageQueueInserted
                             0x13bb     0x2  Code  Wk  rtx_evr.o [2]
EvrRtxMessageQueueNew        0x13d1     0x2  Code  Wk  rtx_evr.o [2]
EvrRtxMessageQueueNotInserted
                             0x13cb     0x2  Code  Wk  rtx_evr.o [2]
EvrRtxMessageQueueNotRetrieved
                             0x13cf     0x2  Code  Wk  rtx_evr.o [2]
EvrRtxMessageQueuePut        0x13d3     0x2  Code  Wk  rtx_evr.o [2]
EvrRtxMessageQueuePutPending
                             0x13c9     0x2  Code  Wk  rtx_evr.o [2]
EvrRtxMessageQueuePutTimeout
                              0xa2f     0x2  Code  Wk  rtx_evr.o [2]
EvrRtxMessageQueueRetrieved
                             0x13bd     0x2  Code  Wk  rtx_evr.o [2]
EvrRtxMutexAcquireTimeout
                              0xa27     0x2  Code  Wk  rtx_evr.o [2]
EvrRtxMutexAcquired           0xce7     0x2  Code  Wk  rtx_evr.o [2]
EvrRtxMutexReleased           0xce5     0x2  Code  Wk  rtx_evr.o [2]
EvrRtxSemaphoreAcquire       0x1925     0x2  Code  Wk  rtx_evr.o [2]
EvrRtxSemaphoreAcquirePending
                             0x191b     0x2  Code  Wk  rtx_evr.o [2]
EvrRtxSemaphoreAcquireTimeout
                              0xa29     0x2  Code  Wk  rtx_evr.o [2]
EvrRtxSemaphoreAcquired
                             0x1915     0x2  Code  Wk  rtx_evr.o [2]
EvrRtxSemaphoreCreated       0x1917     0x2  Code  Wk  rtx_evr.o [2]
EvrRtxSemaphoreError         0x1919     0x2  Code  Wk  rtx_evr.o [2]
EvrRtxSemaphoreGetCount
                             0x1921     0x2  Code  Wk  rtx_evr.o [2]
EvrRtxSemaphoreNew           0x1923     0x2  Code  Wk  rtx_evr.o [2]
EvrRtxSemaphoreNotAcquired
                             0x191d     0x2  Code  Wk  rtx_evr.o [2]
EvrRtxSemaphoreRelease       0x1927     0x2  Code  Wk  rtx_evr.o [2]
EvrRtxSemaphoreReleased
                             0x191f     0x2  Code  Wk  rtx_evr.o [2]
EvrRtxThreadBlocked           0xa37     0x2  Code  Wk  rtx_evr.o [2]
EvrRtxThreadCreated           0xbe7     0x2  Code  Wk  rtx_evr.o [2]
EvrRtxThreadDelay            0x2525     0x2  Code  Wk  rtx_evr.o [2]
EvrRtxThreadDelayCompleted
                              0xa21     0x2  Code  Wk  rtx_evr.o [2]
EvrRtxThreadDestroyed         0xc83     0x2  Code  Wk  rtx_evr.o [2]
EvrRtxThreadError             0xb5b     0x2  Code  Wk  rtx_evr.o [2]
EvrRtxThreadExit              0xc87     0x2  Code  Wk  rtx_evr.o [2]
EvrRtxThreadFlagsWaitCompleted
                              0xa39     0x2  Code  Wk  rtx_evr.o [2]
EvrRtxThreadFlagsWaitTimeout
                              0xa23     0x2  Code  Wk  rtx_evr.o [2]
EvrRtxThreadJoined            0xc81     0x2  Code  Wk  rtx_evr.o [2]
EvrRtxThreadNew               0xc85     0x2  Code  Wk  rtx_evr.o [2]
EvrRtxThreadPreempted         0xa33     0x2  Code  Wk  rtx_evr.o [2]
EvrRtxThreadSwitched          0xa35     0x2  Code  Wk  rtx_evr.o [2]
EvrRtxThreadUnblocked         0xa31     0x2  Code  Wk  rtx_evr.o [2]
EvrRtxTimerCallback          0x2605     0x2  Code  Wk  rtx_evr.o [2]
GPIODirModeSet               0x2115    0x28  Code  Gb  gpio.o [4]
GPIOPadConfigSet             0x213d   0x102  Code  Gb  gpio.o [4]
GPIOPinTypeGPIOOutput        0x2247     0xa  Code  Gb  gpio.o [4]
GPIOPinWrite                 0x223f     0x8  Code  Gb  gpio.o [4]
LEDInit                      0x2265    0xc6  Code  Gb  driverleds.o [1]
LEDWrite                     0x232b    0x64  Code  Gb  driverleds.o [1]
MessageQueueGet               0xd35    0x40  Code  Lc  rtx_msgqueue.o [2]
MessageQueuePut               0xce9    0x4a  Code  Lc  rtx_msgqueue.o [2]
MessageQueueRemove            0xd75    0x1a  Code  Lc  rtx_msgqueue.o [2]
OS_Tick_AcknowledgeIRQ       0x15ad     0xc  Code  Wk  os_systick.o [2]
OS_Tick_Enable               0x1c81    0x2c  Code  Wk  os_systick.o [2]
OS_Tick_GetIRQn              0x1c79     0x6  Code  Wk  os_systick.o [2]
OS_Tick_Setup                0x1c39    0x40  Code  Wk  os_systick.o [2]
PendST                  0x2000'1418     0x1  Data  Lc  os_systick.o [2]
PendSV_Handler               0x26a1          Code  Gb  irq_cm4f.o [2]
Region$$Table$$Base          0x289c           --   Gb  - Linker created -
Region$$Table$$Limit         0x28bc           --   Gb  - Linker created -
SVC_Handler                  0x2609          Code  Gb  irq_cm4f.o [2]
SysCtlClockFreqSet           0x1d19   0x20a  Code  Gb  sysctl.o [4]
SysCtlPeripheralEnable       0x1cfb     0x8  Code  Gb  sysctl.o [4]
SysCtlPeripheralReady        0x1cd9     0x8  Code  Gb  sysctl.o [4]
SysTick_Handler              0x26b1          Code  Gb  irq_cm4f.o [2]
SystemCoreClock         0x2000'1414     0x4  Data  Gb  system_tm4c1294.o [1]
SystemInit                   0x24e9    0x20  Code  Gb  system_tm4c1294.o [1]
ThreadFlagsCheck              0x26d    0x6c  Code  Lc  rtx_thread.o [2]
TimerInsert                  0x2529    0x38  Code  Lc  rtx_timer.o [2]
_SysCtlMemTimingGet          0x1cb9    0x20  Code  Lc  sysctl.o [4]
__Vectors                       0x0           --   Gb  startup_tm4c1294.o [1]
__Vectors_End                 0x26c          Data  Gb  startup_tm4c1294.o [1]
__Vectors_Size {Abs}          0x26c           --   Gb  startup_tm4c1294.o [1]
__aeabi_memclr               0x13c1          Code  Gb  ABImemclr.o [6]
__aeabi_memclr4               0xbe1          Code  Gb  ABImemclr4.o [6]
__aeabi_memcpy               0x1315          Code  Gb  ABImemcpy.o [6]
__aeabi_memcpy4              0x1335          Code  Gb  ABImemcpy.o [6]
__aeabi_memcpy8              0x1335          Code  Gb  ABImemcpy.o [6]
__cmain                      0x28bd          Code  Gb  cmain.o [6]
__exit                       0x28f1    0x14  Code  Gb  exit.o [7]
__iar_Memset4_word            0xcb1          Code  Gb  ABImemset48.o [6]
__iar_Memset8_word            0xcb1          Code  Gb  ABImemset48.o [6]
__iar_Memset_word            0x154d          Code  Gb  ABImemset.o [6]
__iar_data_init3             0x2809    0x28  Code  Gb  data_init.o [6]
__iar_init_vfp               0x2879          Code  Gb  fpinit_M.o [5]
__iar_packbits_init_single3
                             0x27a1    0x38  Code  Gb  packbits_init_single.o [6]
__iar_program_start          0x292d          Code  Gb  cstartup_M.o [6]
__iar_zero_init3              0xa3b    0x3a  Code  Gb  zero_init3.o [6]
__low_level_init             0x28db     0x4  Code  Gb  low_level_init.o [3]
__vector_table                  0x0          Data  Gb  startup_tm4c1294.o [1]
__vector_table_0x1c            0x1c          Data  Gb  startup_tm4c1294.o [1]
_call_main                   0x28c9          Code  Gb  cmain.o [6]
_exit                        0x28e5          Code  Gb  cexit.o [6]
_main                        0x28d7          Code  Gb  cmain.o [6]
buffer                  0x2000'13f4    0x10  Data  Gb  main.o [1]
exit                         0x28df     0x4  Code  Gb  exit.o [3]
g_pppui32XTALtoVCO           0x1f64   0x1b0  Data  Lc  sysctl.o [4]
g_pui32VCOFrequencies        0x1f5c     0x8  Data  Lc  sysctl.o [4]
g_pui32Xtals                 0x26cc    0x6c  Data  Lc  sysctl.o [4]
g_sXTALtoMEMTIM              0x27d8    0x30  Data  Lc  sysctl.o [4]
main                         0x241d    0x56  Code  Gb  main.o [1]
osDelay                      0x24a9    0x3a  Code  Gb  rtx_delay.o [2]
osKernelGetState             0x1b51    0x40  Code  Gb  rtx_kernel.o [2]
osKernelInitialize           0x1b19    0x38  Code  Gb  rtx_kernel.o [2]
osKernelStart                0x1b91    0x34  Code  Gb  rtx_kernel.o [2]
osMessageQueueGet            0x1271    0x90  Code  Gb  rtx_msgqueue.o [2]
osMessageQueueNew            0x1199    0x3e  Code  Gb  rtx_msgqueue.o [2]
osMessageQueuePut            0x11d9    0x98  Code  Gb  rtx_msgqueue.o [2]
osRtxConfig                  0x2738    0x68  Data  Gb  rtx_lib.o [1]
osRtxErrorNotify              0xc89    0x20  Code  Wk  RTX_Config.o [1]
osRtxIdleThread               0xbdf     0x2  Code  Wk  RTX_Config.o [1]
osRtxInfo               0x2000'0000    0xa4  Data  Gb  rtx_kernel.o [2]
osRtxKernelPreInit           0x1caf     0x2  Code  Gb  rtx_lib.o [1]
osRtxMemoryAlloc              0xb5d    0x82  Code  Wk  rtx_memory.o [2]
osRtxMemoryFree               0xbe9    0x4c  Code  Wk  rtx_memory.o [2]
osRtxMemoryInit              0x1bef    0x44  Code  Wk  rtx_memory.o [2]
osRtxMemoryPoolAlloc          0xac1    0x44  Code  Gb  rtx_mempool.o [2]
osRtxMemoryPoolFree           0xb05    0x56  Code  Gb  rtx_mempool.o [2]
osRtxMemoryPoolInit           0xa75    0x4a  Code  Gb  rtx_mempool.o [2]
osRtxMessageQueuePostProcess
                              0xd8f    0xee  Code  Lc  rtx_msgqueue.o [2]
osRtxMutexOwnerRelease        0xc35    0x4c  Code  Gb  rtx_mutex.o [2]
osRtxPendSV_Handler          0x1445    0x8a  Code  Gb  rtx_system.o [2]
osRtxPostProcess             0x14d1    0x6e  Code  Gb  rtx_system.o [2]
osRtxSemaphorePostProcess
                             0x15b9    0x40  Code  Lc  rtx_semaphore.o [2]
osRtxThreadBlock              0x50d    0x34  Code  Lc  rtx_thread.o [2]
osRtxThreadDelayInsert        0x331    0x66  Code  Lc  rtx_thread.o [2]
osRtxThreadDelayRemove        0x397    0x60  Code  Lc  rtx_thread.o [2]
osRtxThreadDelayTick          0x3f7   0x102  Code  Gb  rtx_thread.o [2]
osRtxThreadDispatch           0x55d    0x5c  Code  Gb  rtx_thread.o [2]
osRtxThreadFree               0x84d    0x56  Code  Lc  rtx_thread.o [2]
osRtxThreadListGet            0x2fd    0x16  Code  Gb  rtx_thread.o [2]
osRtxThreadListPut            0x2d9    0x24  Code  Gb  rtx_thread.o [2]
osRtxThreadListRemove         0x313    0x16  Code  Gb  rtx_thread.o [2]
osRtxThreadPostProcess        0x62f    0x50  Code  Lc  rtx_thread.o [2]
osRtxThreadReadyPut           0x329     0x8  Code  Gb  rtx_thread.o [2]
osRtxThreadRegPtr             0x4f9    0x14  Code  Gb  rtx_thread.o [2]
osRtxThreadStartup            0x93d    0x3e  Code  Gb  rtx_thread.o [2]
osRtxThreadSwitch             0x541    0x1c  Code  Gb  rtx_thread.o [2]
osRtxThreadWaitEnter          0x5f3    0x3c  Code  Gb  rtx_thread.o [2]
osRtxThreadWaitExit           0x5bf    0x2e  Code  Gb  rtx_thread.o [2]
osRtxTick_Handler            0x13d5    0x6e  Code  Gb  rtx_system.o [2]
osRtxTimerThread             0x25b9    0x4c  Code  Wk  rtx_timer.o [2]
osRtxTimerTick               0x2561    0x54  Code  Lc  rtx_timer.o [2]
osRtxUserSVC                 0x2938     0x4  Data  Wk  rtx_lib.o [1]
osSemaphoreAcquire           0x17d9    0x7c  Code  Gb  rtx_semaphore.o [2]
osSemaphoreGetCount          0x18dd    0x20  Code  Gb  rtx_semaphore.o [2]
osSemaphoreNew               0x1799    0x3e  Code  Gb  rtx_semaphore.o [2]
osSemaphoreRelease           0x1855    0x88  Code  Gb  rtx_semaphore.o [2]
osThreadExit                  0x9c1    0x16  Code  Gb  rtx_thread.o [2]
osThreadNew                   0x97d    0x40  Code  Gb  rtx_thread.o [2]
os_idle_thread_attr          0x2830    0x24  Data  Lc  rtx_lib.o [1]
os_idle_thread_cb       0x2000'12f8    0x44  Data  Lc  rtx_lib.o [1]
os_idle_thread_stack    0x2000'10a8   0x100  Data  Lc  rtx_lib.o [1]
os_isr_queue            0x2000'1380    0x40  Data  Lc  rtx_lib.o [1]
os_mem                  0x2000'00a8  0x1000  Data  Lc  rtx_lib.o [1]
os_timer_mq_attr             0x2904    0x18  Data  Lc  rtx_lib.o [1]
os_timer_mq_cb          0x2000'13c0    0x34  Data  Lc  rtx_lib.o [1]
os_timer_mq_data        0x2000'12a8    0x50  Data  Lc  rtx_lib.o [1]
os_timer_thread_attr         0x2854    0x24  Data  Lc  rtx_lib.o [1]
os_timer_thread_cb      0x2000'133c    0x44  Data  Lc  rtx_lib.o [1]
os_timer_thread_stack   0x2000'11a8   0x100  Data  Lc  rtx_lib.o [1]
semaphoreCheio_id       0x2000'1410     0x4  Data  Gb  main.o [1]
semaphoreVazio_id       0x2000'140c     0x4  Data  Gb  main.o [1]
svcRtxDelay                  0x2491    0x16  Code  Lc  rtx_delay.o [2]
svcRtxKernelGetState         0x1a6f    0x12  Code  Lc  rtx_kernel.o [2]
svcRtxKernelInitialize       0x1929   0x146  Code  Lc  rtx_kernel.o [2]
svcRtxKernelStart            0x1a81    0x98  Code  Lc  rtx_kernel.o [2]
svcRtxMessageQueueGet        0x1081    0xee  Code  Lc  rtx_msgqueue.o [2]
svcRtxMessageQueueNew         0xe7d   0x130  Code  Lc  rtx_msgqueue.o [2]
svcRtxMessageQueuePut         0xfad    0xd4  Code  Lc  rtx_msgqueue.o [2]
svcRtxSemaphoreAcquire       0x1691    0x6c  Code  Lc  rtx_semaphore.o [2]
svcRtxSemaphoreGetCount
                             0x1779    0x20  Code  Lc  rtx_semaphore.o [2]
svcRtxSemaphoreNew           0x15f9    0x98  Code  Lc  rtx_semaphore.o [2]
svcRtxSemaphoreRelease       0x16fd    0x68  Code  Lc  rtx_semaphore.o [2]
svcRtxThreadExit              0x8a3    0x96  Code  Lc  rtx_thread.o [2]
svcRtxThreadNew               0x67f   0x1c8  Code  Lc  rtx_thread.o [2]
threadConsumidor             0x23df    0x3e  Code  Gb  main.o [1]
threadConsumidor_id     0x2000'1408     0x4  Data  Gb  main.o [1]
threadProdutor               0x23a1    0x3e  Code  Gb  main.o [1]
threadProdutor_id       0x2000'1404     0x4  Data  Gb  main.o [1]


[1] = D:\DOCUMENTOS\Embarcados\Exemplo RTOS\tarefas\ewarm\Obj
[2] = RTX_CM4F.a
[3] = dl7M_tln.a
[4] = driverlib.a
[5] = m7M_tls.a
[6] = rt7M_tl.a
[7] = shb_l.a

   9 758 bytes of readonly  code memory
     839 bytes of readonly  data memory
  37 913 bytes of readwrite data memory

Errors: none
Warnings: none
